[topspeedsnail.com/index.html]
[backblue.gif]
[fade.gif]
[index.html]
[topspeedsnail.com/style.css]
[topspeedsnail.com/feed.xml]
[topspeedsnail.com/index.html]
[topspeedsnail.com/about/index.html]
[topspeedsnail.com/brute-force-RDP-with-hydra-and-ncrack/index.html]
[topspeedsnail.com/fedora23-update-to-fedora24/index.html]
[topspeedsnail.com/javascript-keycode-lookup/index.html]
[topspeedsnail.com/style.css]
[topspeedsnail.com/crack-pdf-password-use-pdfcrack/index.html]
[topspeedsnail.com/about/index.html]
[topspeedsnail.com/SlowHTTPTest-dos-attack/index.html]
[topspeedsnail.com/fake-wifi-access-point-and-capture-all-data/index.html]
[topspeedsnail.com/hack-vulnos-for-test-your-skill/index.html]
[topspeedsnail.com/brute-force-RDP-with-hydra-and-ncrack/index.html]
[topspeedsnail.com/antivirus-software-working/index.html]
[topspeedsnail.com/fedora23-update-to-fedora24/index.html]
[topspeedsnail.com/DNS-spoofing-attack/index.html]
[topspeedsnail.com/kali-linux-preform-man-in-middle-attack/index.html]
[topspeedsnail.com/use-sslscan-get-ssl-info/index.html]
[topspeedsnail.com/javascript-keycode-lookup/index.html]
[topspeedsnail.com/use-w3af-scan-website-vulnerability/index.html]
[topspeedsnail.com/use-nikto-scan-vulnerabilities/index.html]
[topspeedsnail.com/crack-tomcat-password-use-metasploit/index.html]
[topspeedsnail.com/send-mess-email-setoolkit/index.html]
[topspeedsnail.com/images/2016/5/Screen Shot 2016-05-28 at 18.18.13.png]
[topspeedsnail.com/identifier-hash-type/index.html]
[topspeedsnail.com/user-nping-hping3-dos/index.html]
[topspeedsnail.com/metasploit-search-email-collector/index.html]
[topspeedsnail.com/images/2016/5/Screen Shot 2016-05-28 at 18.29.22.png]
[topspeedsnail.com/foremost-recover-del-file/index.html]
[topspeedsnail.com/sqlmap-injection-learn/index.html]
[topspeedsnail.com/SlowHTTPTest-dos-attack/index.html]
[topspeedsnail.com/hack-sql-injection-attack/index.html]
[topspeedsnail.com/clear-last-linux-login-log/index.html]
[topspeedsnail.com/images/2016/5/Screen Shot 2016-05-26 at 09.09.08.png]
[topspeedsnail.com/use-tor-hide-your-ass/index.html]
[topspeedsnail.com/fcrackzip-crack-zip-password/index.html]
[topspeedsnail.com/BlackArch-linux-penetration-testing/index.html]
[topspeedsnail.com/images/2016/5/Screen Shot 2016-05-26 at 09.25.11.png]
[topspeedsnail.com/arp-scan-find-network-devices/index.html]
[topspeedsnail.com/httrack-clone-website/index.html]
[topspeedsnail.com/images/2016/5/Screen Shot 2016-05-26 at 09.30.58.png]
[topspeedsnail.com/crack-pdf-password-use-pdfcrack/index.html]
[topspeedsnail.com/steghide-hide-secret-message/index.html]
[topspeedsnail.com/images/2016/5/Screen Shot 2016-05-23 at 18.50.18.png]
[topspeedsnail.com/kali-linux-install-adobe-flash/index.html]
[topspeedsnail.com/kali-linux-crack-wifi-password-wps/index.html]
[topspeedsnail.com/kali-linux-crunch-generation-wordlist/index.html]
[topspeedsnail.com/kali-linux-crack-wifi-password-wep/index.html]
[topspeedsnail.com/kali-linux-crack-wifi-wpa/index.html]
[topspeedsnail.com/images/2016/5/Screen Shot 2016-05-24 at 09.06.55.png]
[topspeedsnail.com/kali-linux-findmyhash/index.html]
[topspeedsnail.com/kali-linux-acccheck-crack-windows-passwd-smb/index.html]
[topspeedsnail.com/images/2016/5/Screen Shot 2016-05-24 at 09.20.04.png]
[topspeedsnail.com/wireshark-hack-http-post-password/index.html]
[topspeedsnail.com/images/2016/5/S60524-201256.jpg]
[topspeedsnail.com/kali-linux-metasploit-hack-android/index.html]
[topspeedsnail.com/images/2016/5/S60524-201355.jpg]
[topspeedsnail.com/kali-linux-ettercap-arp-spoof-attack/index.html]
[topspeedsnail.com/images/2016/5/Screenshot from 2016-05-24 20-12-12.png]
[topspeedsnail.com/fake-wifi-access-point-and-capture-all-data/index.html]
[topspeedsnail.com/hack-vulnos-for-test-your-skill/index.html]
[topspeedsnail.com/kali-linux-arachni/index.html]
[topspeedsnail.com/antivirus-software-working/index.html]
[topspeedsnail.com/reversing-engineering-android-other/index.html]
[topspeedsnail.com/images/2016/5/Screenshot from 2016-05-18 18-37-15.png]
[topspeedsnail.com/reversing-engineering-android-androguard2/index.html]
[topspeedsnail.com/images/2016/5/Screen Shot 2016-05-18 at 18.42.13.png]
[topspeedsnail.com/DNS-spoofing-attack/index.html]
[topspeedsnail.com/reversing-engineering-android-androguard/index.html]
[topspeedsnail.com/kydra-crack-ssh-and-avoid-attack/index.html]
[topspeedsnail.com/images/2016/4/Screen Shot 2016-04-18 at 15.24.19.png]
[topspeedsnail.com/images/2016/4/Screenshot from 2016-04-18 15-35-30.png]
[topspeedsnail.com/hack-brute-force/index.html]
[topspeedsnail.com/images/2016/4/Screenshot from 2016-04-18 16-05-16.png]
[topspeedsnail.com/kali-linux-enable-ssh-server/index.html]
[topspeedsnail.com/images/2016/4/Screenshot from 2016-04-18 16-15-11.png]
[topspeedsnail.com/kali-linux-preform-man-in-middle-attack/index.html]
[topspeedsnail.com/kali-linux-n-hack-windows-xp/index.html]
[topspeedsnail.com/images/2016/5/Screen Shot 2016-05-18 at 09.25.10.png]
[topspeedsnail.com/images/2016/5/Screen Shot 2016-05-18 at 09.28.41.png]
[topspeedsnail.com/images/2016/5/Screen Shot 2016-05-18 at 09.32.57.png]
[topspeedsnail.com/use-sslscan-get-ssl-info/index.html]
[topspeedsnail.com/kali-linux-metasploit-base-use/index.html]
[topspeedsnail.com/images/2016/5/Screenshot from 2016-05-17 17-27-19.png]
[topspeedsnail.com/images/2016/5/Screenshot from 2016-05-17 17-31-13.png]
[topspeedsnail.com/images/2016/5/Screenshot from 2016-05-17 17-34-15.png]
[topspeedsnail.com/images/2016/5/Screenshot from 2016-05-17 17-50-02.png]
[topspeedsnail.com/hack-windows-passwd/index.html]
[topspeedsnail.com/images/2016/5/Screenshot from 2016-05-17 17-59-23.png]
[topspeedsnail.com/hack-blind-sql-injection-attack/index.html]
[topspeedsnail.com/use-w3af-scan-website-vulnerability/index.html]
[topspeedsnail.com/hack-command-injection-attack/index.html]
[topspeedsnail.com/hack-code-injection-attack/index.html]
[topspeedsnail.com/images/2016/5/Screen Shot 2016-05-17 at 15.51.32.png]
[topspeedsnail.com/android-reversing-remove-ad/index.html]
[topspeedsnail.com/images/2016/5/Screenshot from 2016-05-17 15-54-07.png]
[topspeedsnail.com/android-reversing-env-setup/index.html]
[topspeedsnail.com/use-nikto-scan-vulnerabilities/index.html]
[topspeedsnail.com/centos-nginx-haproxy/index.html]
[topspeedsnail.com/images/2016/5/Screenshot from 2016-05-15 18-41-32.png]
[topspeedsnail.com/images/2016/5/Screenshot from 2016-05-15 18-53-30.png]
[topspeedsnail.com/crack-tomcat-password-use-metasploit/index.html]
[topspeedsnail.com/start-learn-android-reversing/index.html]
[topspeedsnail.com/images/2016/5/Screen Shot 2016-05-14 at 14.40.42.png]
[topspeedsnail.com/images/2016/5/Screen Shot 2016-05-14 at 14.44.48.png]
[topspeedsnail.com/images/2016/5/Screen Shot 2016-05-14 at 14.57.05.png]
[topspeedsnail.com/images/2016/5/Screen Shot 2016-05-14 at 15.06.02.png]
[topspeedsnail.com/send-mess-email-setoolkit/index.html]
[topspeedsnail.com/hacker-attack-method/index.html]
[topspeedsnail.com/kali-linux-npm-scan/index.html]
[topspeedsnail.com/images/2016/5/Screen Shot 2016-05-12 at 10.00.11.png]
[topspeedsnail.com/macbook-crack-wifi-with-wpa-wpa2/index.html]
[topspeedsnail.com/John-the-Ripper-learn/index.html]
[topspeedsnail.com/identifier-hash-type/index.html]
[topspeedsnail.com/ubuntu16-install-java-jdk/index.html]
[topspeedsnail.com/ubuntu-nginx-let-encrypt/index.html]
[topspeedsnail.com/images/2016/5/Screen Shot 2016-05-10 at 19.08.30.png]
[topspeedsnail.com/ubuntu-add-sudo-user/index.html]
[topspeedsnail.com/user-nping-hping3-dos/index.html]
[topspeedsnail.com/latex-circuitikz-circuit/index.html]
[topspeedsnail.com/images/2016/5/Screen Shot 2016-05-12 at 11.17.28.png]
[topspeedsnail.com/images/2016/5/Screen Shot 2016-05-12 at 11.21.00.png]
[topspeedsnail.com/metasploit-search-email-collector/index.html]
[topspeedsnail.com/foremost-recover-del-file/index.html]
[topspeedsnail.com/h-latex-add-bibliography/index.html]
[topspeedsnail.com/g-latex-content-table/index.html]
[topspeedsnail.com/images/2016/5/Screen Shot 2016-05-08 at 18.26.46.png]
[topspeedsnail.com/f-latex-add-picture/index.html]
[topspeedsnail.com/images/2016/5/Screen Shot 2016-05-08 at 15.17.44.png]
[topspeedsnail.com/images/2016/5/Screen Shot 2016-05-08 at 17.57.43.png]
[topspeedsnail.com/e-latex-math-formlar/index.html]
[topspeedsnail.com/images/2016/5/Screen Shot 2016-05-08 at 18.58.24.png]
[topspeedsnail.com/d-latex-package-intro/index.html]
[topspeedsnail.com/sqlmap-injection-learn/index.html]
[topspeedsnail.com/hack-sql-injection-attack/index.html]
[topspeedsnail.com/c-latex-doc-section-part/index.html]
[topspeedsnail.com/clear-last-linux-login-log/index.html]
[topspeedsnail.com/b-first-latex-doc/index.html]
[topspeedsnail.com/images/2016/5/Screen Shot 2016-05-02 at 17.48.25.png]
[topspeedsnail.com/a-learn-LaTeX-install/index.html]
[topspeedsnail.com/images/2016/5/Screen Shot 2016-05-02 at 18.08.45.png]
[topspeedsnail.com/upgrade-to-ubuntu-16_04-LTS/index.html]
[topspeedsnail.com/use-tor-hide-your-ass/index.html]
[topspeedsnail.com/linux-mv-example/index.html]
[topspeedsnail.com/images/2016/5/Screen Shot 2016-05-08 at 13.41.14.png]
[topspeedsnail.com/images/2016/5/Screen Shot 2016-05-08 at 13.50.17.png]
[topspeedsnail.com/ubuntu-install-android-studio/index.html]
[topspeedsnail.com/images/2016/5/Screen Shot 2016-05-08 at 13.56.05.png]
[topspeedsnail.com/linux-password-limit-lengh-and-complex/index.html]
[topspeedsnail.com/images/2016/5/Screen Shot 2016-05-08 at 14.03.10.png]
[topspeedsnail.com/images/2016/5/Screen Shot 2016-05-08 at 14.16.53.png]
[topspeedsnail.com/static-website-generators_or_tools/index.html]
[topspeedsnail.com/fcrackzip-crack-zip-password/index.html]
[topspeedsnail.com/use-css-make-heart/index.html]
[topspeedsnail.com/images/2016/5/Screen Shot 2016-05-04 at 14.21.01.png]
[topspeedsnail.com/nodejs-intro-newbe/index.html]
[topspeedsnail.com/images/2016/5/VirtualBox_BlackArch_04_05_2016_14_42_11.png]
[topspeedsnail.com/images/2016/5/Screen Shot 2016-05-04 at 14.44.10.png]
[topspeedsnail.com/images/2016/5/Screen Shot 2016-05-04 at 14.52.43.png]
[topspeedsnail.com/BlackArch-linux-penetration-testing/index.html]
[topspeedsnail.com/intro-image-webp-format/index.html]
[topspeedsnail.com/images/2016/5/Screenshot from 2016-05-02 09-16-57.png]
[topspeedsnail.com/images/2016/5/Screenshot from 2016-05-02 09-16-08.png]
[topspeedsnail.com/arp-scan-find-network-devices/index.html]
[topspeedsnail.com/python-code-style-guide/index.html]
[topspeedsnail.com/images/2016/5/Screen Shot 2016-05-01 at 18.42.40.png]
[topspeedsnail.com/httrack-clone-website/index.html]
[topspeedsnail.com/markdown-basic/index.html]
[topspeedsnail.com/images/2016/4/Screen Shot 2016-04-30 at 09.31.12.png]
[topspeedsnail.com/Linux-most-dangerous-cmd/index.html]
[topspeedsnail.com/images/2016/4/normal_pic.jpg]
[topspeedsnail.com/steghide-hide-secret-message/index.html]
[topspeedsnail.com/How-to-use-lynis-on-linux/index.html]
[topspeedsnail.com/images/2016/4/Screenshot from 2016-04-23 14-16-19.png]
[topspeedsnail.com/kali-linux-install-adobe-flash/index.html]
[topspeedsnail.com/kali-linux-crunch-generation-wordlist/index.html]
[topspeedsnail.com/images/2016/4/Screenshot from 2016-04-22 15-45-17.png]
[topspeedsnail.com/kali-linux-crack-wifi-password-wps/index.html]
[topspeedsnail.com/kali-linux-crack-wifi-password-wep/index.html]
[topspeedsnail.com/images/2016/4/Screenshot from 2016-04-21 18-15-09.png]
[topspeedsnail.com/images/2016/4/Screenshot from 2016-04-21 18-20-32.png]
[topspeedsnail.com/images/2016/4/Screenshot from 2016-04-21 18-29-30.png]
[topspeedsnail.com/images/2016/4/Screenshot from 2016-04-21 18-40-12.png]
[topspeedsnail.com/images/2016/4/Screenshot from 2016-04-21 19-06-35.png]
[topspeedsnail.com/images/2016/4/Screenshot from 2016-04-21 19-06-55.png]
[topspeedsnail.com/images/2016/4/Screenshot from 2016-04-21 19-09-20.png]
[topspeedsnail.com/images/2016/4/Screenshot from 2016-04-21 20-06-53.png]
[topspeedsnail.com/kali-linux-crack-wifi-wpa/index.html]
[topspeedsnail.com/images/2016/4/Screen Shot 2016-04-21 at 12.13.31.png]
[topspeedsnail.com/images/2016/4/Screen Shot 2016-04-21 at 12.41.28.png]
[topspeedsnail.com/kali-linux-findmyhash/index.html]
[topspeedsnail.com/images/2016/4/Screenshot-20162018.png]
[topspeedsnail.com/images/2016/4/Screenshot from 2016-04-20 18-34-08.png]
[topspeedsnail.com/kali-linux-acccheck-crack-windows-passwd-smb/index.html]
[topspeedsnail.com/images/2016/4/Screenshot from 2016-04-20 19-07-34.png]
[topspeedsnail.com/images/2016/4/Screen Shot 2016-04-18 at 18.25.28.png]
[topspeedsnail.com/images/2016/4/Screenshot from 2016-04-19 09-00-57.png]
[topspeedsnail.com/images/2016/4/Screenshot from 2016-04-19 09-06-38.png]
[topspeedsnail.com/images/2016/4/Screenshot from 2016-04-19 09-16-16.png]
[topspeedsnail.com/images/2016/4/Screenshot from 2016-04-19 09-21-05.png]
[topspeedsnail.com/images/2016/4/Screenshot from 2016-04-19 09-27-22.png]
[topspeedsnail.com/wireshark-hack-http-post-password/index.html]
[topspeedsnail.com/images/2016/4/Screenshot from 2016-04-18 10-16-04.png]
[topspeedsnail.com/images/2016/4/Screen Shot 2016-04-18 at 10.40.42.png]
[topspeedsnail.com/images/2016/4/Screen Shot 2016-04-18 at 10.46.23.png]
[topspeedsnail.com/images/2016/4/S60418-105349.jpg]
[topspeedsnail.com/images/2016/4/Screen Shot 2016-04-18 at 11.00.09.png]
[topspeedsnail.com/images/2016/4/Screenshot from 2016-04-18 11-16-27.png]
[topspeedsnail.com/images/2016/4/Screenshot from 2016-04-18 11-27-38.png]
[topspeedsnail.com/kali-linux-metasploit-hack-android/index.html]
[topspeedsnail.com/images/2016/4/Screenshot from 2016-04-18 21-57-41.png]
[topspeedsnail.com/images/2016/4/Screenshot from 2016-04-18 22-04-44.png]
[topspeedsnail.com/images/2016/4/Screenshot from 2016-04-18 22-14-28.png]
[topspeedsnail.com/images/2016/4/Screenshot from 2016-04-18 22-25-05.png]
[topspeedsnail.com/kali-linux-ettercap-arp-spoof-attack/index.html]
[topspeedsnail.com/images/2016/4/Screenshot from 2016-04-18 09-34-38.png]
[topspeedsnail.com/images/2016/4/Screen Shot 2016-04-18 at 09.37.56.png]
[topspeedsnail.com/kali-linux-arachni/index.html]
[topspeedsnail.com/images/2016/4/Screenshot from 2016-04-17 22-52-41.png]
[topspeedsnail.com/reversing-engineering-android-other/index.html]
[topspeedsnail.com/images/2016/4/Screenshot from 2016-04-17 23-07-13.png]
[topspeedsnail.com/images/2016/4/Screenshot from 2016-04-17 18-35-43.png]
[topspeedsnail.com/images/2016/4/Screenshot from 2016-04-17 19-29-33.png]
[topspeedsnail.com/images/2016/4/Screenshot from 2016-04-17 20-08-49.png]
[topspeedsnail.com/images/2016/4/Screenshot from 2016-04-17 20-23-18.png]
[topspeedsnail.com/images/2016/4/Screenshot from 2016-04-17 21-53-00.png]
[topspeedsnail.com/reversing-engineering-android-androguard2/index.html]
[topspeedsnail.com/images/2016/4/Screenshot from 2016-04-16 17-35-41.png]
[topspeedsnail.com/images/2016/4/Screenshot from 2016-04-16 17-44-59.png]
[topspeedsnail.com/images/2016/4/Screenshot from 2016-04-16 17-48-25.png]
[topspeedsnail.com/reversing-engineering-android-androguard/index.html]
[topspeedsnail.com/images/2016/4/Screenshot from 2016-04-16 10-26-48.png]
[topspeedsnail.com/kydra-crack-ssh-and-avoid-attack/index.html]
[topspeedsnail.com/images/2016/4/Screenshot from 2016-04-16 10-28-41.png]
[topspeedsnail.com/images/2016/4/Screen Shot 2016-04-14 at 09.48.14.png]
[topspeedsnail.com/images/2016/4/Screenshot from 2016-04-14 10-14-33.png]
[topspeedsnail.com/hack-brute-force/index.html]
[topspeedsnail.com/images/2016/4/Screenshot from 2016-04-14 10-20-44.png]
[topspeedsnail.com/images/2016/4/Screen Shot 2016-04-16 at 09.39.29.png]
[topspeedsnail.com/images/2016/4/Screen Shot 2016-04-16 at 09.48.47.png]
[topspeedsnail.com/kali-linux-enable-ssh-server/index.html]
[topspeedsnail.com/images/2016/4/Screenshot from 2016-04-15 15-24-25.png]
[topspeedsnail.com/images/2016/4/Screenshot from 2016-04-15 17-17-46.png]
[topspeedsnail.com/images/2016/4/Screenshot from 2016-04-15 17-24-32.png]
[topspeedsnail.com/images/2016/4/Screenshot from 2016-04-15 18-24-42.png]
[topspeedsnail.com/images/2016/4/Screenshot from 2016-04-15 19-01-13.png]
[topspeedsnail.com/images/2016/4/Screenshot from 2016-04-15 19-08-43.png]
[topspeedsnail.com/kali-linux-n-hack-windows-xp/index.html]
[topspeedsnail.com/images/2016/4/Screenshot from 2016-04-15 12-00-27.png]
[topspeedsnail.com/images/2016/4/Screenshot from 2016-04-15 12-08-45.png]
[topspeedsnail.com/kali-linux-metasploit-base-use/index.html]
[topspeedsnail.com/images/2016/4/Screenshot from 2016-04-14 16-05-17.png]
[topspeedsnail.com/images/2016/4/Screenshot from 2016-04-14 16-15-35.png]
[topspeedsnail.com/images/2016/4/Screenshot from 2016-04-14 16-19-58.png]
[topspeedsnail.com/hack-windows-passwd/index.html]
[topspeedsnail.com/hack-blind-sql-injection-attack/sqlmap.7b.delayed]
[topspeedsnail.com/images/2016/4/Screenshot from 2016-04-14 12-24-45.png]
[topspeedsnail.com/images/2016/4/Screenshot from 2016-04-14 12-37-19.png]
[topspeedsnail.com/hack-blind-sql-injection-attack/index.html]
[topspeedsnail.com/hack-command-injection-attack/index.html]
[topspeedsnail.com/hack-code-injection-attack/index.html]
[topspeedsnail.com/images/2016/4/Screenshot from 2016-04-12 11-48-46.png]
[topspeedsnail.com/images/2016/4/Screenshot from 2016-04-12 12-15-25.png]
[topspeedsnail.com/images/2016/4/Screenshot from 2016-04-12 12-45-42.png]
[topspeedsnail.com/images/2016/4/Screenshot from 2016-04-12 12-52-50.png]
[topspeedsnail.com/images/2016/4/Screenshot from 2016-04-12 12-54-48.png]
[topspeedsnail.com/images/2016/4/Screenshot from 2016-04-12 13-07-43.png]
[topspeedsnail.com/android-reversing-remove-ad/index.html]
[topspeedsnail.com/images/2016/4/Screenshot from 2016-04-11 18-56-14.png]
[topspeedsnail.com/images/2016/4/Screenshot from 2016-04-11 20-35-03.png]
[topspeedsnail.com/images/2016/4/Screen Shot 2016-04-11 at 21.07.47.png]
[topspeedsnail.com/android-reversing-env-setup/index.html]
[topspeedsnail.com/centos-nginx-haproxy/index.html]
[topspeedsnail.com/start-learn-android-reversing/index.html]
[topspeedsnail.com/hacker-attack-method/index.html]
[topspeedsnail.com/images/2016/4/Screenshot from 2016-04-05 22-24-44.png]
[topspeedsnail.com/images/2016/4/Screenshot from 2016-04-05 22-41-03.png]
[topspeedsnail.com/kali-linux-npm-scan/index.html]
[topspeedsnail.com/images/2016/4/Screen Shot 2016-04-05 at 11.26.50.png]
[topspeedsnail.com/images/2016/4/Screen Shot 2016-04-05 at 14.10.48.png]
[topspeedsnail.com/images/2016/4/Screen Shot 2016-04-05 at 14.12.27.png]
[topspeedsnail.com/images/2016/4/Screen Shot 2016-04-05 at 14.16.15.png]
[topspeedsnail.com/images/2016/4/Screen Shot 2016-04-05 at 14.35.17.png]
[topspeedsnail.com/images/2016/4/Screen Shot 2016-04-05 at 14.27.21.png]
[topspeedsnail.com/images/2016/4/Screen Shot 2016-04-05 at 14.45.30.png]
[topspeedsnail.com/images/2016/4/Screen Shot 2016-04-05 at 15.15.39.png]
[topspeedsnail.com/macbook-crack-wifi-with-wpa-wpa2/index.html]
[topspeedsnail.com/images/2016/4/Screen Shot 2016-04-04 at 15.46.23.png]
[topspeedsnail.com/images/2016/4/Screen Shot 2016-04-04 at 16.04.19.png]
[topspeedsnail.com/images/2016/4/Screen Shot 2016-04-04 at 16.09.35.png]
[topspeedsnail.com/John-the-Ripper-learn/index.html]
[topspeedsnail.com/images/2016/4/Screen Shot 2016-04-03 at 18.47.24.png]
[topspeedsnail.com/images/2016/4/Screen Shot 2016-04-03 at 18.52.11.png]
[topspeedsnail.com/images/2016/4/Screen Shot 2016-04-03 at 20.50.46.png]
[topspeedsnail.com/ubuntu16-install-java-jdk/index.html]
[topspeedsnail.com/images/2016/4/Screen Shot 2016-04-03 at 20.54.50.png]
[topspeedsnail.com/images/2016/4/Screen Shot 2016-04-03 at 12.28.57.png]
[topspeedsnail.com/ubuntu-nginx-let-encrypt/index.html]
[topspeedsnail.com/ubuntu-add-sudo-user/index.html]
[topspeedsnail.com/images/2016/4/Screen Shot 2016-04-03 at 12.30.20.png]
[topspeedsnail.com/images/2016/4/Screen Shot 2016-04-02 at 17.51.15.png]
[topspeedsnail.com/images/2016/4/Screen Shot 2016-04-02 at 18.06.09.png]
[topspeedsnail.com/images/2016/4/Screen Shot 2016-04-02 at 18.10.58.png]
[topspeedsnail.com/images/2016/4/Screen Shot 2016-04-02 at 18.15.42.png]
[topspeedsnail.com/images/2016/4/Screen Shot 2016-04-02 at 18.17.54.png]
[topspeedsnail.com/images/2016/4/Screen Shot 2016-04-02 at 18.20.27.png]
[topspeedsnail.com/images/2016/4/Screen Shot 2016-04-02 at 18.21.15.png]
[topspeedsnail.com/images/2016/4/Screen Shot 2016-04-02 at 18.22.59.png]
[topspeedsnail.com/images/2016/4/Screen Shot 2016-04-02 at 18.26.42.png]
[topspeedsnail.com/latex-circuitikz-circuit/index.html]
[topspeedsnail.com/images/2016/4/Screen Shot 2016-04-02 at 16.43.55.png]
[topspeedsnail.com/images/2016/4/Screen Shot 2016-04-02 at 17.22.16.png]
[topspeedsnail.com/h-latex-add-bibliography/index.html]
[topspeedsnail.com/images/2016/3/Screen Shot 2016-03-30 at 10.04.08.png]
[topspeedsnail.com/g-latex-content-table/index.html]
[topspeedsnail.com/images/2016/3/Screen Shot 2016-03-30 at 10.22.44.png]
[topspeedsnail.com/f-latex-add-picture/index.html]
[topspeedsnail.com/images/2016/3/Screen Shot 2016-03-30 at 09.28.39.png]
[topspeedsnail.com/images/2016/3/Screen Shot 2016-03-28 at 16.40.00.png]
[topspeedsnail.com/images/2016/3/Screen Shot 2016-03-28 at 16.52.59.png]
[topspeedsnail.com/images/2016/3/Screen Shot 2016-03-28 at 16.59.01.png]
[topspeedsnail.com/images/2016/3/Screen Shot 2016-03-28 at 17.05.36.png]
[topspeedsnail.com/images/2016/3/Screen Shot 2016-03-28 at 17.18.45.png]
[topspeedsnail.com/images/2016/3/Screen Shot 2016-03-28 at 17.26.14.png]
[topspeedsnail.com/images/2016/3/Screen Shot 2016-03-28 at 17.28.17.png]
[topspeedsnail.com/images/2016/3/Screen Shot 2016-03-28 at 17.32.28.png]
[topspeedsnail.com/images/2016/3/Screen Shot 2016-03-28 at 17.34.51.png]
[topspeedsnail.com/e-latex-math-formlar/index.html]
[topspeedsnail.com/images/2016/3/Screen Shot 2016-03-28 at 17.37.56.png]
[topspeedsnail.com/images/2016/3/Screen Shot 2016-03-27 at 17.28.10.png]
[topspeedsnail.com/d-latex-package-intro/index.html]
[topspeedsnail.com/images/2016/3/Screen Shot 2016-03-27 at 19.52.42.png]
[topspeedsnail.com/images/2016/3/Screen Shot 2016-03-27 at 16.13.11.png]
[topspeedsnail.com/c-latex-doc-section-part/index.html]
[topspeedsnail.com/images/2016/3/Screen Shot 2016-03-27 at 16.23.29.png]
[topspeedsnail.com/images/2016/3/Screen Shot 2016-03-27 at 11.52.56.png]
[topspeedsnail.com/images/2016/3/Screen Shot 2016-03-27 at 11.53.06.png]
[topspeedsnail.com/b-first-latex-doc/index.html]
[topspeedsnail.com/a-learn-LaTeX-install/index.html]
[topspeedsnail.com/images/2016/3/Screen Shot 2016-03-27 at 09.48.14.png]
[topspeedsnail.com/images/2016/3/Screen Shot 2016-03-26 at 09.27.58.png]
[topspeedsnail.com/images/2016/3/Screen Shot 2016-03-26 at 09.31.55.png]
[topspeedsnail.com/images/2016/3/Screen Shot 2016-03-26 at 09.35.05.png]
[topspeedsnail.com/images/2016/3/Screen Shot 2016-03-26 at 09.36.37.png]
[topspeedsnail.com/images/2016/3/Screen Shot 2016-03-26 at 10.36.54.png]
[topspeedsnail.com/images/2016/3/Screen Shot 2016-03-26 at 10.17.34.png]
[topspeedsnail.com/upgrade-to-ubuntu-16_04-LTS/index.html]
[topspeedsnail.com/images/2016/3/Screen Shot 2016-03-26 at 18.57.30.png]
[topspeedsnail.com/linux-mv-example/index.html]
[topspeedsnail.com/images/2016/3/Screen Shot 2016-03-26 at 19.06.37.png]
[topspeedsnail.com/images/2016/3/Screen Shot 2016-03-25 at 16.06.57.png]
[topspeedsnail.com/images/2016/3/Screen Shot 2016-03-25 at 16.09.06.png]
[topspeedsnail.com/images/2016/3/Screen Shot 2016-03-25 at 21.57.22.png]
[topspeedsnail.com/images/2016/3/Screen Shot 2016-03-25 at 21.58.24.png]
[topspeedsnail.com/images/2016/3/Screen Shot 2016-03-25 at 21.59.28.png]
[topspeedsnail.com/images/2016/3/Screen Shot 2016-03-25 at 22.00.23.png]
[topspeedsnail.com/images/2016/3/Screen Shot 2016-03-25 at 22.01.24.png]
[topspeedsnail.com/images/2016/3/Screen Shot 2016-03-25 at 22.02.57.png]
[topspeedsnail.com/ubuntu-install-android-studio/index.html]
[topspeedsnail.com/images/2016/3/Screen Shot 2016-03-25 at 10.16.00.png]
[topspeedsnail.com/images/2016/3/Screen Shot 2016-03-25 at 10.22.21.png]
[topspeedsnail.com/images/2016/3/Screen Shot 2016-03-25 at 10.49.38.png]
[topspeedsnail.com/images/2016/3/Screen Shot 2016-03-25 at 11.24.32.png]
[topspeedsnail.com/images/2016/3/Screen Shot 2016-03-25 at 11.34.11.png]
[topspeedsnail.com/linux-password-limit-lengh-and-complex/index.html]
[topspeedsnail.com/images/2016/3/Screen Shot 2016-03-25 at 11.40.38.png]
[topspeedsnail.com/images/2016/3/Screen Shot 2016-03-24 at 17.14.06.png]
[topspeedsnail.com/images/2016/3/Screen Shot 2016-03-24 at 17.15.31.png]
[topspeedsnail.com/images/2016/3/Screen Shot 2016-03-24 at 17.17.21.png]
[topspeedsnail.com/images/2016/3/Screen Shot 2016-03-24 at 17.18.25.png]
[topspeedsnail.com/images/2016/3/Screen Shot 2016-03-24 at 17.22.50.png]
[topspeedsnail.com/images/2016/3/Screen Shot 2016-03-24 at 17.29.46.png]
[topspeedsnail.com/images/2016/3/Screen Shot 2016-03-24 at 17.40.47.png]
[topspeedsnail.com/images/2016/3/Screen Shot 2016-03-24 at 18.35.50.png]
[topspeedsnail.com/images/2016/3/Screen Shot 2016-03-24 at 18.47.45.png]
[topspeedsnail.com/images/2016/3/Screen Shot 2016-03-24 at 18.59.32.png]
[topspeedsnail.com/images/2016/3/Screen Shot 2016-03-24 at 19.07.39.png]
[topspeedsnail.com/static-website-generators_or_tools/index.html]
[topspeedsnail.com/images/2016/3/Screen Shot 2016-03-23 at 20.40.06.png]
[topspeedsnail.com/images/2016/3/Screen Shot 2016-03-23 at 20.33.31.png]
[topspeedsnail.com/use-css-make-heart/index.html]
[topspeedsnail.com/images/2016/3/Screen Shot 2016-03-23 at 20.57.52.png]
[topspeedsnail.com/images/2016/3/node-js.jpg]
[topspeedsnail.com/nodejs-intro-newbe/index.html]
[topspeedsnail.com/images/2016/3/Screen Shot 2016-03-23 at 19.30.18.png]
[topspeedsnail.com/images/2016/3/8fffa491jw1f2rdfughnkj21000qoth9.jpg]
[topspeedsnail.com/intro-image-webp-format/index.html]
[topspeedsnail.com/images/2016/3/Screen Shot 2016-03-23 at 15.48.12.png]
[topspeedsnail.com/images/2016/3/Screen Shot 2016-03-22 at 18.41.49.png]
[topspeedsnail.com/images/2016/3/Screen Shot 2016-03-22 at 18.49.03.png]
[topspeedsnail.com/python-code-style-guide/index.html]
[topspeedsnail.com/markdown-basic/index.html]
[topspeedsnail.com/Linux-most-dangerous-cmd/index.html]
[topspeedsnail.com/images/2016/3/Screen Shot 2016-03-22 at 10.31.44.png]
[topspeedsnail.com/images/2016/3/Screen Shot 2016-03-22 at 10.45.38.png]
[topspeedsnail.com/images/2016/3/Screen Shot 2016-03-22 at 10.48.18.png]
[topspeedsnail.com/How-to-use-lynis-on-linux/index.html]
[topspeedsnail.com/images/2016/4/Screenshot from 2016-04-21 20-06-53.png]
[topspeedsnail.com/images/2016/4/Screen Shot 2016-04-21 at 12.41.28.png]
[topspeedsnail.com/images/2016/4/Screenshot from 2016-04-21 09-13-40.png]
[topspeedsnail.com/images/2016/4/Screenshot from 2016-04-20 18-34-08.png]
[topspeedsnail.com/hack-blind-sql-injection-attack/sqlmap.html]
